
> vite_react_shadcn_ts@0.0.0 build
> vite build

npm : 'vite' is not recognized as an internal or external command,
At line:1 char:1
+ npm run build > build_output.txt 2>&1
+ ~~~~~~~~~~~~~~~~~~~~~~~~~~~~~~~~~~~~~
    + CategoryInfo              : NotSpecifi    ed: ('vite' is not     r...ternal comman    d,:String) [], Rem    oteException
    + FullyQualifiedEr    rorId : NativeComm    andError
 
operable program or batch file.
